cargo.exe :     
Checking pryect 
v0.1.0 (C:\Users\ivan
m\Desktop\pryect)
En línea: 1 
Carácter: 1
+ & "C:\Users\ivanm\.
rustup\toolchains\sta
ble-x86_64-pc-windows
-msvc\bi ...
+ ~~~~~~~~~~~~~~~~~~~
~~~~~~~~~~~~~~~~~~~~~
~~~~~~~~~~~~~~~~~~~~~
~~~~~~~~
    + CategoryInfo   
           : NotSpe  
  cified: (    Che   
 cking pr...Deskt    
op\pryect):Strin    
g) [], RemoteExc    
eption
    + FullyQualified 
   ErrorId : Native  
  CommandError
 
error[E0603]: struct 
`HeaderMap` is 
private
 --> src\main.rs:8:22
  |
8 |     
extract::{State, 
HeaderMap},
  |                  
    ^^^^^^^^^ 
private struct
  |
note: the struct 
`HeaderMap` is 
defined here
 --> C:\Users\ivanm\.
cargo\registry\src\in
dex.crates.io-1949cf8
c6b5b557f\axum-0.8.8\
src\extract\mod.rs:3:
26
  |
3 | use 
http::header::{self, 
HeaderMap};
  |                  
        ^^^^^^^^^
help: import 
`HeaderMap` directly
  |
8 |     
extract::{State, http
::header::map::Header
Map},
  |                  
    
+++++++++++++++++++

error[E0282]: type 
annotations needed
  --> 
src\main.rs:89:20
   |
89 |         
.and_then(|h| h.to_st
r().ok().map(|s| 
s.to_string()))
   |                 
   ^  - type must be 
known at this point
   |
help: consider 
giving this closure 
parameter an 
explicit type
   |
89 |         
.and_then(|h: /* 
Type */| h.to_str().o
k().map(|s| 
s.to_string()))
   |                 
    ++++++++++++

error[E0282]: type 
annotations needed
  --> 
src\main.rs:89:44
   |
89 |         
.and_then(|h| h.to_st
r().ok().map(|s| 
s.to_string()))
   |                 
                     
      ^  - type must 
be known at this 
point
   |
help: consider 
giving this closure 
parameter an 
explicit type
   |
89 |         
.and_then(|h| h.to_st
r().ok().map(|s: /* 
Type */| 
s.to_string()))
   |                 
                     
       ++++++++++++

error[E0277]: the 
trait bound 
`fn({type error}, 
..., ...) -> ... 
{chat_completions}: 
Handler<_, _>` is 
not satisfied
    --> 
src\main.rs:73:45
     |
  73 |         .route
("/v1/chat/completion
s", post(chat_complet
ions))
     |               
                     
    ---- 
^^^^^^^^^^^^^^^^ the 
trait `Handler<_, 
_>` is not 
implemented for fn 
item `fn({type 
error}, 
State<AppState>, 
Json<...>) -> ... 
{chat_completions}`
     |               
                     
    |
     |               
                     
    required by a 
bound introduced by 
this call
     |
     = note: 
Consider using `#[axu
m::debug_handler]` 
to improve the error 
message
help: the following 
other types 
implement trait 
`Handler<T, S>`
    --> C:\Users\ivan
m\.cargo\registry\src
\index.crates.io-1949
cf8c6b5b557f\axum-0.8
.8\src\routing\method
_routing.rs:1309:1
     |
1309 | / impl<S> 
Handler<(), S> for 
MethodRouter<S>
1310 | | where
1311 | |     S: 
Clone + 'static,
     | |_____________
__________^ 
`MethodRouter<S>` 
implements 
`Handler<(), S>`
     |
    ::: C:\Users\ivan
m\.cargo\registry\src
\index.crates.io-1949
cf8c6b5b557f\axum-0.8
.8\src\handler\mod.rs
:313:1
     |
 313 | / impl<H, S, 
T, L> Handler<T, S> 
for Layered<L, H, T, 
S>
 314 | | where
 315 | |     L: Layer
<HandlerService<H, 
T, S>> + Clone + 
Send + Sync + 
'static,
 316 | |     H: 
Handler<T, S>,
...    |
 320 | |     T: 
'static,
 321 | |     S: 
'static,
     | 
|_______________^ `ax
um::handler::Layered<
L, H, T, S>` 
implements 
`Handler<T, S>`
note: required by a 
bound in `post`
    --> C:\Users\ivan
m\.cargo\registry\src
\index.crates.io-1949
cf8c6b5b557f\axum-0.8
.8\src\routing\method
_routing.rs:445:1
     |
 445 | top_level_hand
ler_fn!(post, POST);
     | ^^^^^^^^^^^^^^
^^^^^^^^----^^^^^^^
     | |             
        |
     | |             
        required by 
a bound in this 
function
     | required by 
this bound in `post`
     = note: the 
full name for the 
type has been 
written to 'C:\Users\
ivanm\Desktop\pryect\
target\debug\deps\pry
ect-c2e71291dfbc7e6c.
long-type-24482094028
4017688.txt'
     = note: 
consider using 
`--verbose` to print 
the full type name 
to the console
     = note: this 
error originates in 
the macro `top_level_
handler_fn` (in 
Nightly builds, run 
with -Z 
macro-backtrace for 
more info)

Some errors have 
detailed 
explanations: E0277, 
E0282, E0603.
For more information 
about an error, try 
`rustc --explain 
E0277`.
error: could not 
compile `pryect` 
(bin "pryect") due 
to 4 previous errors
